<html>
<body>
<pre>
<h1>µVision Build Log</h1>
<h2>Project:</h2>
D:\ME 1st SEM\MCA  Programs\STEPPER MOTOR\steooer_motor.uvproj
Project File Date:  01/12/2022

<h2>Output:</h2>
Build target 'Target 1'
compiling stepper_motor.c...
stepper_motor.c(3): warning:  #1295-D: Deprecated declaration delay - give arg types
  void delay();
stepper_motor.c(65): warning:  #1-D: last line of file ends without a newline
  }
stepper_motor.c: 2 warnings, 0 errors
linking...
Program Size: Code=856 RO-data=32 RW-data=8 ZI-data=1256  
FromELF: creating hex file...
".\steooer_motor.axf" - 0 Error(s), 2 Warning(s).
</pre>
</body>
</html>
_motor.axf" - 1 Error(s), 1 Warning(s).
Target not created
